--- Raspberry Pi System Information ---
SoC Information:
Revision	: d03114
Model		: Raspberry Pi 4 Model B Rev 1.4
OS and Kernel Version:
Linux starry 6.6.62+rpt-rpi-v8 #1 SMP PREEMPT Debian 1:6.6.62-1+rpt1 (2024-11-25) aarch64 GNU/Linux
Available RAM:
               total        used        free      shared  buff/cache   available
Mem:           7.6Gi       659Mi       3.4Gi        32Mi       3.8Gi       7.0Gi
Swap:          511Mi          0B       511Mi
Cache Sizes:
L1d cache:                            128 KiB (4 instances)
L1i cache:                            192 KiB (4 instances)
L2 cache:                             1 MiB (1 instance)
Boot Time:
Startup finished in 3.999s (kernel) + 12.268s (userspace) = 16.268s 
graphical.target reached after 12.200s in userspace.
Compiler Version:
gcc (Debian 12.2.0-14) 12.2.0
Copyright (C) 2022 Free Software Foundation, Inc.
This is free software; see the source for copying conditions.  There is NO
warranty; not even for MERCHANTABILITY or FITNESS FOR A PARTICULAR PURPOSE.

Memory Copy Speed:
1000+0 records in
1000+0 records out
1048576000 bytes (1.0 GB, 1000 MiB) copied, 0.351019 s, 3.0 GB/s
Filesystem Write Speed:
1000+0 records in
1000+0 records out
1048576000 bytes (1.0 GB, 1000 MiB) copied, 27.6191 s, 38.0 MB/s
Power Consumption and Temperature:
volt=0.9360V
temp=44.3'C
